spin	e_nuc	e_t	e_ext	e_coul	e_xc	e_elec	e_tot	ene_check
0	0.9680070931463416	7.959636343054618	-20.346589382350007	5.554861027753132	-2.1816252359888493	-9.013717247531112	-8.04571015438477	True
1	1.5699443313876302	15.120733581057332	-37.903280755106984	9.130679525718637	-3.133306163331218	-16.785173811662247	-15.215229480274617	True
1	2.833562333131047	38.2945441168956	-94.94050760470839	20.940782000163928	-5.55872601352794	-41.263907501176874	-38.430345168045825	True
2	6.163971213697389	38.95031180607782	-102.91602839335842	24.720750342827223	-6.023707329075549	-45.26867357352881	-39.10470235983142	True
0	6.0331124001168535	38.91959829032885	-102.54059679477362	24.47429686052051	-5.96627186464978	-45.11297350857413	-39.07986110845727	True
1	9.682545747459367	39.60240739653134	-111.2712341973669	28.62490942909963	-6.426810870774872	-49.470728242510546	-39.78818249505118	True
0	13.439527889904605	40.242231389547015	-120.10205120643089	32.78961733143904	-6.832355716311172	-53.90255820175624	-40.46303031185164	True
2	3.5637228831571157	54.99423633131899	-136.5936387984643	29.969570655349138	-7.106298824709653	-58.73613063650561	-55.172407753348494	True
1	7.5344385768824065	55.619760017060415	-145.7718812358845	34.30182895388138	-7.515066339087653	-63.365358604030135	-55.83092002714773	True
0	11.904528974062835	56.26092815933029	-155.82688727863479	39.09422617332672	-7.943290611976145	-68.41502355795404	-56.51049458389121	True
1	4.323917275945541	75.43510918679715	-187.95818107727573	41.30824472680772	-8.793569180724738	-80.00839634439544	-75.68447906844989	True
0	9.088293769139284	76.08631593430033	-198.88499965612036	46.560562259762115	-9.231418692017181	-85.46954015407469	-76.38124638493541	True
0	5.09973315759548	100.06276524191482	-250.30994180233404	55.46276563716556	-10.710617772077956	-105.4950286953318	-100.39529553773632	True
0	9.998197130623744	289.82977975604734	-711.7381141845841	142.85840611079914	-21.406205019448112	-300.45613333718507	-290.4579362065613	True
2	10.212094570318008	289.8208945801848	-712.0627956042729	143.02232488957603	-21.424624182513305	-300.6442003170257	-290.4321057467077	True
1	15.63535846151887	290.4423437786026	-724.2335065239271	148.88684437234258	-21.807475566446367	-306.71179393942754	-291.07643547790866	True
0	21.295366119360484	291.0640641898222	-736.8762183935722	154.99077028128596	-22.195169066226725	-313.0165529886914	-291.7211868693309	True
1	11.444334003933337	341.71603151418293	-837.4491110066325	165.7053015608526	-23.765231995029744	-353.7930099266284	-342.348675922695	True
0	17.599057159280374	342.3422815164683	-851.0704451139001	172.29671367563932	-24.15060925430834	-360.58205917610326	-342.98300201682287	True
0	12.913708130734527	398.6031817177148	-975.3834634000813	190.85810226380642	-26.219705883825	-412.1418853023876	-399.2281771716531	True
0	7.028255630674903	460.02610661436955	-1109.9333785566844	210.6523504886206	-28.40164309611344	-467.6565645498065	-460.6283089191316	True
0	1.7174510822989766	14.845139121345536	-37.84524285400373	9.953409961542551	-3.625952588971205	-16.672646360086834	-14.955195277787857	True
0	9.12013423474742	106.99298918310946	-276.0810213727238	64.90598036420269	-12.289955315895543	-116.47200714130706	-107.35187290655963	True
0	24.56251473380951	76.8501558676107	-228.4058061904438	61.120100871919796	-11.378528407467916	-101.81407785838121	-77.2515631245717	True
0	33.321137738070135	78.11185047485894	-248.36313690337948	70.6066362181605	-12.17713192200453	-111.82178213236425	-78.50064439429411	True
0	42.26437395740087	79.31962067232502	-268.7008036941117	80.35102342199252	-12.965208316206148	-121.9953679159998	-79.73099395859893	True
1	19.585356401124784	92.48474693276434	-255.85544727270505	63.23205852803448	-12.086241961339816	-112.22488377324606	-92.63952737212128	True
0	23.515815058573423	92.88471497155159	-264.9924471945116	67.71072970454533	-12.465692123103214	-116.86269464151832	-93.3468795829449	True
0	22.080868372968 	112.77248742595157	-310.2916227630264	75.94620910194696	-13.742338388730225	-135.31526462385844	-113.23439625089044	True
1	26.23353748893597	113.3323053649888	-319.9023234397395	80.70028258020523	-14.139935957420231	-140.0096714519658	-113.77613396302984	True
0	31.01528877615417	113.9556546333225	-330.9073858587088	86.07356314056109	-14.557240018547835	-145.43540810337248	-114.42011932721832	True
0	40.20784356834705	115.1551863836594	-351.89631791938257	96.25447667667439	-15.35341776729417	-155.84007262634367	-115.63222905799662	True
0	22.947028562523236	108.9124728113411	-302.18750727101485	74.42051157421147	-13.543388727574056	-132.39791161303617	-109.45088305051294	True
0	41.447308513630304	111.31097475775748	-344.40648033180435	95.02670520522767	-15.16103277823298	-153.22983314705237	-111.78252463342207	True
1	25.93318107287721	129.4459855970245	-357.7041078176611	87.74214966878151	-15.233662553033135	-155.74963510488854	-129.81645403201134	True
2	27.181811796628452	149.69097820864374	-409.86237272021884	99.59525358665883	-16.85489336826022	-177.43103429317677	-150.24922249654833	True
0	36.46628317922008	150.91285145584433	-431.5356014346773	110.35401463097588	-17.66547341477846	-187.9342087626346	-151.4679255834145	True
0	30.172541675479795	198.80985363601832	-536.9406368119171	129.09532920587307	-20.5617691775661	-229.59722314759154	-199.42468147211173	True
0	57.467630981811524	187.73394589183255	-558.8727514340158	147.52604751739443	-22.334937158277572	-245.94769518306634	-188.48006420125483	True
0	20.310850138276503	322.8234562780762	-819.1485345885103	180.25024790591078	-28.585349409938182	-344.660179814462	-324.3493296761855	True
2	45.89105181713441	577.3637938618027	-1470.7837425705648	310.33837486361057	-41.38573515854053	-624.4673090036919	-578.5762571865574	True
0	61.618595394164856	681.0829111272274	-1747.7065453993334	368.6930037047367	-46.08842697833129	-744.0190575457007	-682.4004621515357	True
2	70.54865729113136	794.8089409592396	-2034.7601912616988	424.3344999656726	-50.99388295239227	-866.6106332891809	-796.0619759980495	True
0	75.89379189327282	918.8117100720733	-2340.1380215213085	481.49031613889787	-56.08103208885699	-995.9170273991929	-920.0232355059201	True
0	41.38744461119964	620.8991658305865	-1568.6077164711508	326.48841950753445	-42.43746278083013	-663.6575939138584	-622.2701493026588	True
0	38.42757473001169	363.6171620336465	-945.0300986175175	207.64212658059736	-29.2025712014194	-402.9733812046943	-364.5458064746826	True
0	32.88836451514583	435.2633481474759	-1100.8464091950464	227.41879754153922	-30.745661829398028	-468.90992533542953	-436.0215608202837	True
2	44.44568001700801	472.2456756684685	-1213.4148281100272	257.5061110675829	-33.95653227344872	-517.6195736474243	-473.17389363041633	True
1	44.790069054031434	534.1992927923069	-1361.3003996844816	283.67743232284136	-36.46520378212421	-579.8888783514576	-535.0988092974262	True
0	48.80013770798074	558.82011289083 	-1429.993320960128	300.979438165862	-38.35074611761103	-608.5445160210477	-559.7443783130669	True
0	90.85980222506167	580.9858718297295	-1568.0098737013893	357.58793503501505	-43.696741930499556	-673.1328087671418	-582.2730065420801	True
0	51.4203976460439	499.0967475814381	-1289.62931437663	273.7514462278248	-34.53049071527115	-551.3116112826372	-499.89121363659325	True
0	56.36232516821118	437.6697986493431	-1153.1912190759972	253.0175608167888	-32.35364081406257	-494.8575004239279	-438.49517525571673	True
0	50.450959965753526	534.8483365062143	-1374.4044881343432	290.235511828714	-36.878179822598845	-586.1988196220135	-535.74785965626	True
0	104.99083652265531	547.1006919169364	-1511.5026001721649	353.50899917786256	-42.502846686417655	-653.3957557637818	-548.4049192411265	True
0	110.2169938874265	323.32026537930204	-993.3381078062233	270.6216573147057	-35.20765017001345	-434.6038352822284	-324.3868413948019	True
0	230.40083070404438	1403.169200284875	-3801.447661746851	851.1163572423965	-88.26170417554052	-1635.4238083951195	-1405.022977691075	True
0	158.07112193055548	540.4566937726337	-1611.491419861583	420.8301123340213	-49.7824177478607	-699.9870315027874	-541.915909572232	True
0	297.5924192497406	1620.3689524330737	-4457.550490093465	1019.823762170379	-102.82833767546208	-1920.1861131654778	-1622.5936939157373	True
0	204.47223707280725	435.9540599261131	-1449.9676771403253	419.11642097253895	-46.854002241341284	-641.7511984830157	-437.27896141020847	True
0	439.6876882929138	1875.6609181728293	-5344.576142378763	1268.6681192586805	-117.60553861240946	-2317.852643559653	-1878.1649552667395	True
0	78.68740266799219	510.23989436085554	-1370.3797369189542	309.4735427650689	-39.33971262475762	-590.0060124177866	-511.3186097497944	True
0	108.4715030932339	832.7502664783087	-2199.157674441336	480.1389527526761	-56.35809580948935	-942.6265510198368	-834.155047926603	True
0	118.54051927252334	311.81978496259364	-979.5489518877828	270.9124557044965	-34.58475258873738	-431.401463809429	-312.86094453690566	True
0	268.30376884050503	686.8618226106134	-2179.551870379432	598.0090704824219	-62.43513919599342	-957.116116482398	-688.812347641893	True
0	526.1678359288502	2126.723912210574	-6118.924604197142	1469.522432066602	-133.1657175927631	-2655.843977512717	-2129.676141583867	True
0	59.540014241412266	183.74384021070375	-552.4488640557636	146.65764814252785	-22.06093423660634	-244.10830993913856	-184.56829569772628	True
0	83.16342210719615	588.7316903174556	-1566.3517254872665	347.8250673564307	-43.22839096399511	-673.0233587773761	-589.8599366701799	True
0	132.2618147106918	352.89559799764265	-1107.0391668585407	305.7081304823122	-37.76022609855287	-486.1956644771363	-353.9338497664445	True
0	188.2152566901375	639.1147495297695	-1903.1612353640407	489.37185453134504	-54.2518806972739	-828.9265120002003	-640.7112553100628	True
0	67.46816672448877	224.47078784229376	-667.4673951248709	175.4573512074597	-25.25376063996454	-292.7930167150825	-225.32484999059375	True
0	72.84940301715545	273.6844958802197	-799.8914658353417	207.8113973567698	-29.001737228443353	-347.39730982679794	-274.5479068096425	True
0	193.57518437907308	757.702781231365	-2194.8432648697208	543.3898395938396	-59.05776688440135	-952.8084109289157	-759.2332265498426	True
0	243.12422434395037	473.72345071395694	-1615.7366269609652	475.79558379560086	-52.185055400055354	-718.4026478514625	-475.2784235075121	True
0	493.2648424809488	1913.4895854819658	-5539.98743640753	1339.9973129295288	-122.9930803912652	-2409.4936183873024	-1916.2287759063536	True
0	230.01971198791736	428.728736113511	-1478.8515614036344	438.48169248071633	-48.598435125311845	-660.2395679347187	-430.2198559468013	True
0	58.435807193145926	115.9188627046983	-387.0136625270429	113.64340943511934	-17.519058352290294	-174.97044873951558	-116.53464154636964	True
0	59.017832449577334	115.9560603229938	-388.1172702217045	114.1276873221652	-17.523920103363334	-175.55744267990877	-116.53961023033145	True
0	63.77686226124134	115.94062648861238	-397.57527453702534	118.91313737554773	-17.559404670355683	-180.28091534322095	-116.5040530819796	True
0	70.70011199448355	117.18784089047558	-414.0596008593149	126.70578678253511	-18.31125021557279	-188.47722340187798	-117.77711140739443	True
0	75.88323953358649	117.1912554565076	-424.3382159640797	131.8582856027039	-18.363123532299735	-193.65179843716714	-117.76855890358065	True
0	82.65057475163931	118.39677385850014	-440.41642902200533	139.4635759731559	-19.09577848755639	-201.6518576779058	-119.0012829262665	True
0	103.60739800660272	155.0706402170736	-568.3136760068701	177.46924110134705	-23.663419592980055	-259.4372142814297	-155.82981627482698	True
0	99.60137464625221	154.98892293338312	-560.3201450791616	173.57469718307905	-23.66040909190626	-255.4169340546061	-155.81555940835386	True
0	109.31983798147246	155.03964848589354	-579.6096633911552	183.15088916553583	-23.705002912055377	-265.12412865178175	-155.80429067030929	True
0	116.58394236345947	155.05783836289868	-593.9728852500469	190.28248284311763	-23.74473949056033	-272.37730353459096	-155.7933611711315	True
0	113.27228818486208	155.06094683316303	-587.7582591677722	187.32166986321695	-23.709760070062043	-269.08540254145487	-155.8131143565928	True
0	127.54622137377497	156.2769911891641	-618.7628799740919	202.39534665507395	-24.495878109568203	-284.58642023942207	-157.04019886564708	True
0	119.66968296926035	156.26557625923158	-602.9312786417129	194.38820896813647	-24.44530523729454	-276.72279865163927	-157.05311568237892	True
0	130.80531676530606	157.473054075508	-627.6723343086783	206.34966530792326	-25.227176011436143	-289.0767909366838	-158.27147417137772	True
0	134.8608128786326	157.4781285826133	-635.7665064751633	210.3811535255059	-25.226230441351394	-293.13345480839456	-158.27264192976196	True
0	170.75813277003832	194.13099206291622	-793.4065220442355	263.33513874344857	-29.89042833742832	-365.8308195752994	-195.0726868052611	True
0	203.35307590720177	230.9244586367015	-945.0263196785223	313.2154208089705	-34.48675915644148	-435.37319938928954	-232.02012348208777	True
0	76.83300191196435	238.07925584562952	-721.5843605845417	194.65015974729255	-26.832156699595142	-315.687101691216	-238.85409977925167	True
0	132.88793362070442	337.02262243135465	-1070.4073970475363	299.2683467538223	-36.84060494631634	-470.9570328086754	-338.069099187971	True
0	134.41620461592285	957.9542328766762	-2548.628954077945	559.1626621792918	-62.22447464870922	-1093.7365336706837	-959.3203290547608	True
0	263.7438878002243	1416.8116103407665	-3900.0265557525317	890.6412081860955	-89.91623950165611	-1682.489976727325	-1418.7460889271008	True
0	41.97342843641492	95.32628809702321	-306.8122965031117	87.81685605381723	-14.070659997364055	-137.73981234963537	-95.76638391322045	True
0	57.96410365945825	131.96334499512665	-424.62893887531476	120.67694581924584	-18.610553407876875	-190.59920146882013	-132.63509780936187	True
0	124.00889580915117	243.90136467635932	-823.4802562205311	240.96294407294263	-30.263549968704876	-368.8794974399335	-244.87060163078235	True
0	122.67158444239907	243.91890698029448	-820.9967360113624	239.76094644241923	-30.216752538449757	-367.53363512709984	-244.86205068470076	True
0	62.69422261414616	330.14470276390955	-910.6934563623813	215.18720506916333	-28.3399678178145	-393.70151634712147	-331.0072937329753	True
0	69.74205164978703	188.92368748763948	-586.2981077941727	161.0881981546115	-23.103403738280498	-259.3896258902023	-189.64757424041528	True
0	121.94423293268062	228.00032573741586	-781.5059686672206	231.8859211964886	-29.227979143708435	-350.8477008770245	-228.9034679443439	True
0	121.30611375054932	208.1797790654265	-732.1067759648836	221.5339591576698	-27.971356682049112	-330.3643944238363	-209.058280673287	True
0	76.16370175129994	133.19462721337464	-463.4711231623378	139.7616414549925	-19.449458037572157	-209.9643125315426	-133.80061078024266	True
0	75.52626652533749	184.578347551515	-583.6167162708982	162.2356618653091	-24.237559591383583	-261.04026644545775	-185.51399992012026	True
0	84.21687557164142	134.3945209325592	-482.10207613630047	148.65875215368916	-20.195805545878933	-219.24460859593069	-135.02773302428926	True
0	82.81094299617007	134.4060653036053	-479.3888729387481	147.3319682820939	-20.1999325737385	-217.85077192678753	-135.03982893061746	True
0	58.03813126009344	151.82449453578764	-473.0296926440947	130.5963054120988	-19.91989873133195	-210.52879142754045	-152.490660167447	True
0	75.04419251723861	153.02453812661335	-509.77385610995515	148.75981867491538	-20.7227693887029	-228.71226869712933	-153.6680761798907	True
0	69.40167822152496	153.04206477751066	-498.5804137416859	143.12341687252595	-20.693678143802334	-223.10861023545175	-153.7069320139268	True
0	101.26911056079517	226.76033726788904	-737.4958352655647	210.21070210761107	-28.412727807290697	-328.9375236973548	-227.6684131365596	True
0	81.83339516142476	154.2395119583906	-526.1046564243206	156.60925225733777	-21.485072802946185	-236.74096501153872	-154.90756985011396	True
0	83.87537015329784	154.22858266743975	-529.9428021362339	158.42249145113107	-21.47337543344867	-238.7651034511117	-154.88973329781388	True
0	101.34638337442246	475.55718263517815	-1331.5400560413302	315.8380017505856	-37.750478507690765	-577.8953501632556	-476.5489667888331	True
0	183.45018337215242	551.6010513357998	-1675.5446903157488	434.592894551893	-47.03054304055815	-736.3812874686164	-552.931104096464	True
0	107.65212007185782	476.75082309077436	-1346.6701078864858	322.98588366570795	-38.48495619493923	-585.4183573249425	-477.7662372530846	True
0	111.04005376009853	476.7387301596856	-1353.478029806529	326.4204191243655	-38.48672838231404	-588.8056089047918	-477.7655551446933	True
0	67.232119980072 	177.0195726790358	-553.5169694673486	153.74231313440694	-22.17786033024749	-244.93294398415367	-177.70082400408165	True
0	103.01359759607361	538.1822150125143	-1483.7144788395458	344.01566015371714	-40.66226221503375	-642.1788658883468	-539.1652682922731	True
0	88.78059793289128	536.9617352137153	-1452.5858946763142	328.78492621997924	-39.879869907095994	-626.7191031497143	-537.938505216823	True
0	89.52620989809547	169.83999603626796	-576.0366519683587	169.94994025523596	-23.958607600944518	-260.2053232777995	-170.679113379704	True
0	119.12234015759243	192.1281315908096	-688.9915418992844	211.58413948690347	-26.832022512516925	-312.1112933340885	-192.98895317649607	True
0	120.69328910217754	228.0118279380269	-779.1977150065723	230.8072710646648	-29.244443868926048	-349.62305987280666	-228.92977077062912	True
0	118.10791154257373	251.9911865486957	-833.1164068314343	240.79124653711463	-30.71045454582052	-371.04442829144426	-252.93651674887053	True
0	148.57069099616683	611.9197526240624	-1750.0333994170417	424.7744012009702	-48.395526517242786	-761.7347721092517	-613.1640811130849	True
0	158.9066900601962	577.2569986078423	-1686.3610041286172	418.5556298619209	-46.79378932659988	-737.3421649854538	-578.4354749252576	True
0	134.96422928411377	193.3247190735172	-723.269460973914	228.41342707481147	-27.61575900252551	-329.1470738281094	-194.18284454399563	True
0	133.6705069234682	193.31240296904713	-720.4994941635256	226.95741241400785	-27.605771743998044	-327.8354505244687	-194.1649436010005	True
0	138.86200791238807	173.46887278478115	-682.141238416428	221.83818951160112	-26.319795191413863	-313.1539713114594	-174.2919633990713	True
0	160.6865288239402	228.85284920053925	-857.8891468828404	270.0064478389932	-31.49301604283156	-390.52286588613936	-229.83633706219916	True
0	202.71163215413134	551.3612313697201	-1711.0833539458397	452.81864099471215	-48.518312206888616	-755.4217937882954	-552.710161634164	True
0	160.9055225286531	209.0351483288597	-810.135026159221	260.443789641938	-30.233886663191633	-370.889974851615	-209.9844523229619	True
0	205.79070589859995	246.9244702967997	-988.2073489309633	323.0113560937978	-35.577871871212565	-453.8493944115781	-248.05868851297814	True
0	0.7178535240637794	1.1418385730634413	-3.649750627716659	1.3163094498102397	-0.69203763668094	-1.8836402415239166	-1.1657867174601373	True
1	6.297793441985462	397.95882698769753	-960.737535082778	183.72881435693506	-25.826772493736286	-404.8766662318808	-398.57887278989534	True
1	20.54443278200402	76.34302531550759	-219.06357083756325	56.65036989220512	-11.0050128761334	-97.07518850598385	-76.53075572397982	True
1	28.721556575377953	77.53620144517251	-237.87173252443438	65.57721731087604	-11.78272343879823	-106.54103720718442	-77.81948063180647	True
1	62.63966044767326	152.40915974986254	-483.5765338513801	135.74194487718322	-20.277083670195	-215.70251289452963	-153.06285244685637	True
1	35.16219314557323	114.51462144065947	-340.34219011542234	90.63694954727912	-14.947228606468563	-150.13784773395227	-114.97565458837904	True
1	34.12592804996946	114.49898710039744	-338.3421945531036	89.67239373345933	-14.917483914696415	-149.0882976339434	-114.96236958397394	True
1	74.4791676635222	153.58352555160448	-509.8903400429775	148.6413920845364	-21.05024241175949	-228.71566481859588	-154.23649715507366	True
1	48.42770142509401	437.0228996688194	-1135.9573378024763	244.61079017695857	-31.95802285541883	-486.2816708121161	-437.85396938702206	True
1	36.95469682608713	78.67127139986466	-256.7468088125734	74.61573700958307	-12.559319551433358	-116.01911995455852	-79.06442312847139	True
1	75.50338459501555	117.74694271942673	-424.80397081046925	131.90410917329166	-18.691817781357116	-193.84473669910787	-118.34135210409232	True
1	125.5755829224201	156.8268585423758	-615.8904713867145	200.69397150096378	-24.82400493784673	-283.19364628122275	-157.61806335880266	True
1	63.88996442774644	204.2037423797901	-610.9066600905135	161.5431705344162	-23.713362929693908	-268.87311010599944	-204.983145678253	True
